Archive member included to satisfy reference by file (symbol)

/Users/reudy15/.p2/pool/plugins/fr.ac6.mcu.externaltools.arm-none.macos64_1.15.0.201708311556/tools/compiler/bin/../lib/gcc/arm-none-eabi/6.3.1/thumb/v6-m/libgcc.a(_udivsi3.o)
                              HAL_Driver/Src/stm32f0xx_hal.o (__aeabi_uidiv)
/Users/reudy15/.p2/pool/plugins/fr.ac6.mcu.externaltools.arm-none.macos64_1.15.0.201708311556/tools/compiler/bin/../lib/gcc/arm-none-eabi/6.3.1/thumb/v6-m/libgcc.a(_dvmd_tls.o)
                              /Users/reudy15/.p2/pool/plugins/fr.ac6.mcu.externaltools.arm-none.macos64_1.15.0.201708311556/tools/compiler/bin/../lib/gcc/arm-none-eabi/6.3.1/thumb/v6-m/libgcc.a(_udivsi3.o) (__aeabi_idiv0)
/Users/reudy15/.p2/pool/plugins/fr.ac6.mcu.externaltools.arm-none.macos64_1.15.0.201708311556/tools/compiler/bin/../lib/gcc/arm-none-eabi/6.3.1/../../../../arm-none-eabi/lib/thumb/v6-m/libc.a(lib_a-errno.o)
                              src/syscalls.o (__errno)
/Users/reudy15/.p2/pool/plugins/fr.ac6.mcu.externaltools.arm-none.macos64_1.15.0.201708311556/tools/compiler/bin/../lib/gcc/arm-none-eabi/6.3.1/../../../../arm-none-eabi/lib/thumb/v6-m/libc.a(lib_a-exit.o)
                              /Users/reudy15/.p2/pool/plugins/fr.ac6.mcu.externaltools.arm-none.macos64_1.15.0.201708311556/tools/compiler/bin/../lib/gcc/arm-none-eabi/6.3.1/../../../../arm-none-eabi/lib/thumb/v6-m/crt0.o (exit)
/Users/reudy15/.p2/pool/plugins/fr.ac6.mcu.externaltools.arm-none.macos64_1.15.0.201708311556/tools/compiler/bin/../lib/gcc/arm-none-eabi/6.3.1/../../../../arm-none-eabi/lib/thumb/v6-m/libc.a(lib_a-impure.o)
                              /Users/reudy15/.p2/pool/plugins/fr.ac6.mcu.externaltools.arm-none.macos64_1.15.0.201708311556/tools/compiler/bin/../lib/gcc/arm-none-eabi/6.3.1/../../../../arm-none-eabi/lib/thumb/v6-m/libc.a(lib_a-exit.o) (_global_impure_ptr)
/Users/reudy15/.p2/pool/plugins/fr.ac6.mcu.externaltools.arm-none.macos64_1.15.0.201708311556/tools/compiler/bin/../lib/gcc/arm-none-eabi/6.3.1/../../../../arm-none-eabi/lib/thumb/v6-m/libc.a(lib_a-init.o)
                              /Users/reudy15/.p2/pool/plugins/fr.ac6.mcu.externaltools.arm-none.macos64_1.15.0.201708311556/tools/compiler/bin/../lib/gcc/arm-none-eabi/6.3.1/../../../../arm-none-eabi/lib/thumb/v6-m/crt0.o (__libc_init_array)
/Users/reudy15/.p2/pool/plugins/fr.ac6.mcu.externaltools.arm-none.macos64_1.15.0.201708311556/tools/compiler/bin/../lib/gcc/arm-none-eabi/6.3.1/../../../../arm-none-eabi/lib/thumb/v6-m/libc.a(lib_a-memset.o)
                              /Users/reudy15/.p2/pool/plugins/fr.ac6.mcu.externaltools.arm-none.macos64_1.15.0.201708311556/tools/compiler/bin/../lib/gcc/arm-none-eabi/6.3.1/../../../../arm-none-eabi/lib/thumb/v6-m/crt0.o (memset)
/Users/reudy15/.p2/pool/plugins/fr.ac6.mcu.externaltools.arm-none.macos64_1.15.0.201708311556/tools/compiler/bin/../lib/gcc/arm-none-eabi/6.3.1/../../../../arm-none-eabi/lib/thumb/v6-m/libc.a(lib_a-__call_atexit.o)
                              /Users/reudy15/.p2/pool/plugins/fr.ac6.mcu.externaltools.arm-none.macos64_1.15.0.201708311556/tools/compiler/bin/../lib/gcc/arm-none-eabi/6.3.1/../../../../arm-none-eabi/lib/thumb/v6-m/libc.a(lib_a-exit.o) (__call_exitprocs)
/Users/reudy15/.p2/pool/plugins/fr.ac6.mcu.externaltools.arm-none.macos64_1.15.0.201708311556/tools/compiler/bin/../lib/gcc/arm-none-eabi/6.3.1/../../../../arm-none-eabi/lib/thumb/v6-m/libc.a(lib_a-atexit.o)
                              /Users/reudy15/.p2/pool/plugins/fr.ac6.mcu.externaltools.arm-none.macos64_1.15.0.201708311556/tools/compiler/bin/../lib/gcc/arm-none-eabi/6.3.1/../../../../arm-none-eabi/lib/thumb/v6-m/libc.a(lib_a-__call_atexit.o) (atexit)
/Users/reudy15/.p2/pool/plugins/fr.ac6.mcu.externaltools.arm-none.macos64_1.15.0.201708311556/tools/compiler/bin/../lib/gcc/arm-none-eabi/6.3.1/../../../../arm-none-eabi/lib/thumb/v6-m/libc.a(lib_a-fini.o)
                              /Users/reudy15/.p2/pool/plugins/fr.ac6.mcu.externaltools.arm-none.macos64_1.15.0.201708311556/tools/compiler/bin/../lib/gcc/arm-none-eabi/6.3.1/../../../../arm-none-eabi/lib/thumb/v6-m/libc.a(lib_a-__call_atexit.o) (__libc_fini_array)
/Users/reudy15/.p2/pool/plugins/fr.ac6.mcu.externaltools.arm-none.macos64_1.15.0.201708311556/tools/compiler/bin/../lib/gcc/arm-none-eabi/6.3.1/../../../../arm-none-eabi/lib/thumb/v6-m/libc.a(lib_a-lock.o)
                              /Users/reudy15/.p2/pool/plugins/fr.ac6.mcu.externaltools.arm-none.macos64_1.15.0.201708311556/tools/compiler/bin/../lib/gcc/arm-none-eabi/6.3.1/../../../../arm-none-eabi/lib/thumb/v6-m/libc.a(lib_a-__call_atexit.o) (__retarget_lock_acquire_recursive)
/Users/reudy15/.p2/pool/plugins/fr.ac6.mcu.externaltools.arm-none.macos64_1.15.0.201708311556/tools/compiler/bin/../lib/gcc/arm-none-eabi/6.3.1/../../../../arm-none-eabi/lib/thumb/v6-m/libc.a(lib_a-__atexit.o)
[...]
Memory Configuration

Name             Origin             Length             Attributes
FLASH            0x0000000008000000 0x0000000000010000 xr
RAM              0x0000000020000000 0x0000000000002000 xrw
*default*        0x0000000000000000 0xffffffffffffffff

Linker script and memory map

LOAD /Users/reudy15/.p2/pool/plugins/fr.ac6.mcu.externaltools.arm-none.macos64_1.15.0.201708311556/tools/compiler/bin/../lib/gcc/arm-none-eabi/6.3.1/thumb/v6-m/crti.o
LOAD /Users/reudy15/.p2/pool/plugins/fr.ac6.mcu.externaltools.arm-none.macos64_1.15.0.201708311556/tools/compiler/bin/../lib/gcc/arm-none-eabi/6.3.1/thumb/v6-m/crtbegin.o
LOAD /Users/reudy15/.p2/pool/plugins/fr.ac6.mcu.externaltools.arm-none.macos64_1.15.0.201708311556/tools/compiler/bin/../lib/gcc/arm-none-eabi/6.3.1/../../../../arm-none-eabi/lib/thumb/v6-m/crt0.o
LOAD HAL_Driver/Src/stm32f0xx_hal.o
LOAD HAL_Driver/Src/stm32f0xx_hal_adc.o
LOAD HAL_Driver/Src/stm32f0xx_hal_adc_ex.o
LOAD HAL_Driver/Src/stm32f0xx_hal_can.o
LOAD HAL_Driver/Src/stm32f0xx_hal_cec.o
LOAD HAL_Driver/Src/stm32f0xx_hal_comp.o
LOAD HAL_Driver/Src/stm32f0xx_hal_cortex.o
LOAD HAL_Driver/Src/stm32f0xx_hal_crc.o
LOAD HAL_Driver/Src/stm32f0xx_hal_crc_ex.o
LOAD HAL_Driver/Src/stm32f0xx_hal_dac.o
LOAD HAL_Driver/Src/stm32f0xx_hal_dac_ex.o
LOAD HAL_Driver/Src/stm32f0xx_hal_dma.o
LOAD HAL_Driver/Src/stm32f0xx_hal_flash.o
LOAD HAL_Driver/Src/stm32f0xx_hal_flash_ex.o
LOAD HAL_Driver/Src/stm32f0xx_hal_gpio.o
LOAD HAL_Driver/Src/stm32f0xx_hal_i2c.o
LOAD HAL_Driver/Src/stm32f0xx_hal_i2c_ex.o
LOAD HAL_Driver/Src/stm32f0xx_hal_i2s.o
LOAD HAL_Driver/Src/stm32f0xx_hal_irda.o
LOAD HAL_Driver/Src/stm32f0xx_hal_iwdg.o
LOAD HAL_Driver/Src/stm32f0xx_hal_msp_template.o
LOAD HAL_Driver/Src/stm32f0xx_hal_pcd.o
LOAD HAL_Driver/Src/stm32f0xx_hal_pcd_ex.o
LOAD HAL_Driver/Src/stm32f0xx_hal_pwr.o
LOAD HAL_Driver/Src/stm32f0xx_hal_pwr_ex.o
LOAD HAL_Driver/Src/stm32f0xx_hal_rcc.o
LOAD HAL_Driver/Src/stm32f0xx_hal_rcc_ex.o
LOAD HAL_Driver/Src/stm32f0xx_hal_rtc.o
LOAD HAL_Driver/Src/stm32f0xx_hal_rtc_ex.o
LOAD HAL_Driver/Src/stm32f0xx_hal_smartcard.o
LOAD HAL_Driver/Src/stm32f0xx_hal_smartcard_ex.o
LOAD HAL_Driver/Src/stm32f0xx_hal_smbus.o
LOAD HAL_Driver/Src/stm32f0xx_hal_spi.o
LOAD HAL_Driver/Src/stm32f0xx_hal_spi_ex.o
LOAD HAL_Driver/Src/stm32f0xx_hal_tim.o
LOAD HAL_Driver/Src/stm32f0xx_hal_tim_ex.o
LOAD HAL_Driver/Src/stm32f0xx_hal_tsc.o
LOAD HAL_Driver/Src/stm32f0xx_hal_uart.o
LOAD HAL_Driver/Src/stm32f0xx_hal_uart_ex.o
LOAD HAL_Driver/Src/stm32f0xx_hal_usart.o
LOAD HAL_Driver/Src/stm32f0xx_hal_wwdg.o
LOAD HAL_Driver/Src/stm32f0xx_ll_adc.o
LOAD HAL_Driver/Src/stm32f0xx_ll_comp.o
LOAD HAL_Driver/Src/stm32f0xx_ll_crc.o
LOAD HAL_Driver/Src/stm32f0xx_ll_crs.o
LOAD HAL_Driver/Src/stm32f0xx_ll_dac.o
LOAD HAL_Driver/Src/stm32f0xx_ll_dma.o
LOAD HAL_Driver/Src/stm32f0xx_ll_exti.o
LOAD HAL_Driver/Src/stm32f0xx_ll_gpio.o
LOAD HAL_Driver/Src/stm32f0xx_ll_i2c.o
LOAD HAL_Driver/Src/stm32f0xx_ll_pwr.o
LOAD HAL_Driver/Src/stm32f0xx_ll_rcc.o
LOAD HAL_Driver/Src/stm32f0xx_ll_rtc.o
LOAD HAL_Driver/Src/stm32f0xx_ll_spi.o
LOAD HAL_Driver/Src/stm32f0xx_ll_tim.o
LOAD HAL_Driver/Src/stm32f0xx_ll_usart.o
LOAD HAL_Driver/Src/stm32f0xx_ll_utils.o
LOAD Utilities/STM32F0308-Discovery/stm32f0308_discovery.o
LOAD src/KS0108-STM32.o
LOAD src/KS0108.o
LOAD src/graphic.o
LOAD src/main.o
LOAD src/stm32f0xx_it.o
LOAD src/syscalls.o
LOAD src/system_stm32f0xx.o
LOAD startup/startup_stm32f051x8.o
LOAD /Users/reudy15/.p2/pool/plugins/fr.ac6.mcu.externaltools.arm-none.macos64_1.15.0.201708311556/tools/compiler/bin/../lib/gcc/arm-none-eabi/6.3.1/../../../../arm-none-eabi/lib/thumb/v6-m/libm.a
START GROUP
LOAD /Users/reudy15/.p2/pool/plugins/fr.ac6.mcu.externaltools.arm-none.macos64_1.15.0.201708311556/tools/compiler/bin/../lib/gcc/arm-none-eabi/6.3.1/thumb/v6-m/libgcc.a
LOAD /Users/reudy15/.p2/pool/plugins/fr.ac6.mcu.externaltools.arm-none.macos64_1.15.0.201708311556/tools/compiler/bin/../lib/gcc/arm-none-eabi/6.3.1/../../../../arm-none-eabi/lib/thumb/v6-m/libc.a
END GROUP
LOAD /Users/reudy15/.p2/pool/plugins/fr.ac6.mcu.externaltools.arm-none.macos64_1.15.0.201708311556/tools/compiler/bin/../lib/gcc/arm-none-eabi/6.3.1/thumb/v6-m/crtend.o
LOAD /Users/reudy15/.p2/pool/plugins/fr.ac6.mcu.externaltools.arm-none.macos64_1.15.0.201708311556/tools/compiler/bin/../lib/gcc/arm-none-eabi/6.3.1/thumb/v6-m/crtn.o
                0x0000000020002000                _estack = 0x20002000
                0x0000000000000000                _Min_Heap_Size = 0x0
                0x0000000000000080                _Min_Stack_Size = 0x80

.isr_vector     0x0000000008000000       0xc0
                0x0000000008000000                . = ALIGN (0x4)
 *(.isr_vector)
 .isr_vector    0x0000000008000000       0xc0 startup/startup_stm32f051x8.o
                0x0000000008000000                g_pfnVectors
                0x00000000080000c0                . = ALIGN (0x4)

.text           0x00000000080000c0     0x2164
                0x00000000080000c0                . = ALIGN (0x4)
 *(.text)
 .text          0x00000000080000c0       0x60 /Users/reudy15/.p2/pool/plugins/fr.ac6.mcu.externaltools.arm-none.macos64_1.15.0.201708311556/tools/compiler/bin/../lib/gcc/arm-none-eabi/6.3.1/thumb/v6-m/crtbegin.o
 .text          0x0000000008000120      0x114 /Users/reudy15/.p2/pool/plugins/fr.ac6.mcu.externaltools.arm-none.macos64_1.15.0.201708311556/tools/compiler/bin/../lib/gcc/arm-none-eabi/6.3.1/thumb/v6-m/libgcc.a(_udivsi3.o)
                0x0000000008000120                __udivsi3
                0x0000000008000120                __aeabi_uidiv
                0x000000000800022c                __aeabi_uidivmod
 .text          0x0000000008000234        0x4 /Users/reudy15/.p2/pool/plugins/fr.ac6.mcu.externaltools.arm-none.macos64_1.15.0.201708311556/tools/compiler/bin/../lib/gcc/arm-none-eabi/6.3.1/thumb/v6-m/libgcc.a(_dvmd_tls.o)
                0x0000000008000234                __aeabi_ldiv0
                0x0000000008000234                __aeabi_idiv0
 *(.text*)
 .text.HAL_InitTick
                0x0000000008000238       0x38 HAL_Driver/Src/stm32f0xx_hal.o
                0x0000000008000238                HAL_InitTick
 .text.HAL_IncTick
                0x0000000008000270       0x18 HAL_Driver/Src/stm32f0xx_hal.o
                0x0000000008000270                HAL_IncTick
 .text.HAL_GetTick
                0x0000000008000288       0x14 HAL_Driver/Src/stm32f0xx_hal.o
                0x0000000008000288                HAL_GetTick
 .text.HAL_Delay
                0x000000000800029c       0x3a HAL_Driver/Src/stm32f0xx_hal.o
                0x000000000800029c                HAL_Delay
 *fill*         0x00000000080002d6        0x2 
 .text.NVIC_SetPriority
                0x00000000080002d8       0xdc HAL_Driver/Src/stm32f0xx_hal_cortex.o
 .text.SysTick_Config
                0x00000000080003b4       0x48 HAL_Driver/Src/stm32f0xx_hal_cortex.o
 .text.HAL_NVIC_SetPriority
                0x00000000080003fc       0x2c HAL_Driver/Src/stm32f0xx_hal_cortex.o
                0x00000000080003fc                HAL_NVIC_SetPriority
 .text.HAL_SYSTICK_Config
                0x0000000008000428       0x1a HAL_Driver/Src/stm32f0xx_hal_cortex.o
                0x0000000008000428                HAL_SYSTICK_Config
 *fill*         0x0000000008000442        0x2 
 .text.HAL_SYSTICK_CLKSourceConfig
                0x0000000008000444       0x34 HAL_Driver/Src/stm32f0xx_hal_cortex.o
                0x0000000008000444                HAL_SYSTICK_CLKSourceConfig
 .text.HAL_SYSTICK_IRQHandler
                0x0000000008000478        0xe HAL_Driver/Src/stm32f0xx_hal_cortex.o
                0x0000000008000478                HAL_SYSTICK_IRQHandler
 .text.HAL_SYSTICK_Callback
                0x0000000008000486        0xa HAL_Driver/Src/stm32f0xx_hal_cortex.o
                0x0000000008000486                HAL_SYSTICK_Callback
 .text.HAL_GPIO_Init
                0x0000000008000490      0x2e8 HAL_Driver/Src/stm32f0xx_hal_gpio.o
                0x0000000008000490                HAL_GPIO_Init
 .text.HAL_GPIO_WritePin
                0x0000000008000778       0x3a HAL_Driver/Src/stm32f0xx_hal_gpio.o
                0x0000000008000778                HAL_GPIO_WritePin
 *fill*         0x00000000080007b2        0x2 
 .text.HAL_RCC_OscConfig
                0x00000000080007b4      0x5e8 HAL_Driver/Src/stm32f0xx_hal_rcc.o
                0x00000000080007b4                HAL_RCC_OscConfig
 .text.HAL_RCC_ClockConfig
                0x0000000008000d9c      0x1cc HAL_Driver/Src/stm32f0xx_hal_rcc.o
                0x0000000008000d9c                HAL_RCC_ClockConfig
 .text.HAL_RCC_GetSysClockFreq
                0x0000000008000f68       0xc0 HAL_Driver/Src/stm32f0xx_hal_rcc.o
                0x0000000008000f68                HAL_RCC_GetSysClockFreq
 .text.HAL_RCC_GetHCLKFreq
                0x0000000008001028       0x14 HAL_Driver/Src/stm32f0xx_hal_rcc.o
                0x0000000008001028                HAL_RCC_GetHCLKFreq
 .text.GLCD_Delay
                0x000000000800103c       0x12 src/KS0108-STM32.o
                0x000000000800103c                GLCD_Delay
 *fill*         0x000000000800104e        0x2 
 .text.GLCD_EnableController
                0x0000000008001050       0x5c src/KS0108-STM32.o
                0x0000000008001050                GLCD_EnableController
 .text.GLCD_DisableController
                0x00000000080010ac       0x5c src/KS0108-STM32.o
                0x00000000080010ac                GLCD_DisableController
 .text.GLCD_WriteCommand
                0x0000000008001108       0xd4 src/KS0108-STM32.o
                0x0000000008001108                GLCD_WriteCommand
 .text.GLCD_WriteData
                0x00000000080011dc       0xf8 src/KS0108-STM32.o
                0x00000000080011dc                GLCD_WriteData
 .text.GLCD_InitializePorts
                0x00000000080012d4       0x80 src/KS0108-STM32.o
                0x00000000080012d4                GLCD_InitializePorts
 .text.GLCD_ReadByteFromROMMemory
                0x0000000008001354       0x14 src/KS0108-STM32.o
                0x0000000008001354                GLCD_ReadByteFromROMMemory
 .text.GLCD_Initialize
                0x0000000008001368       0x38 src/KS0108.o
                0x0000000008001368                GLCD_Initialize
 .text.GLCD_GoTo
                0x00000000080013a0       0xc8 src/KS0108.o
                0x00000000080013a0                GLCD_GoTo
 .text.GLCD_ClearScreen
                0x0000000008001468       0x56 src/KS0108.o
                0x0000000008001468                GLCD_ClearScreen
 *fill*         0x00000000080014be        0x2 
 .text.GLCD_WriteChar
                0x00000000080014c0       0x70 src/KS0108.o
                0x00000000080014c0                GLCD_WriteChar
 .text.GLCD_WriteString
                0x0000000008001530       0x28 src/KS0108.o
                0x0000000008001530                GLCD_WriteString
 .text.GLCD_Bitmap
                0x0000000008001558       0xa8 src/KS0108.o
                0x0000000008001558                GLCD_Bitmap
 .text.main     0x0000000008001600      0x214 src/main.o
                0x0000000008001600                main
 .text.SystemClock_Config
                0x0000000008001814       0xa0 src/main.o
                0x0000000008001814                SystemClock_Config
 .text.TIM2_IRQHandler
                0x00000000080018b4       0x5c src/main.o
                0x00000000080018b4                TIM2_IRQHandler
 .text.SysTick_Handler
                0x0000000008001910       0x12 src/stm32f0xx_it.o
                0x0000000008001910                SysTick_Handler
 *fill*         0x0000000008001922        0x2 
 .text.SystemInit
                0x0000000008001924       0x88 src/system_stm32f0xx.o
                0x0000000008001924                SystemInit
 .text.Reset_Handler
                0x00000000080019ac       0x50 startup/startup_stm32f051x8.o
                0x00000000080019ac                Reset_Handler
 .text.Default_Handler
                0x00000000080019fc        0x2 startup/startup_stm32f051x8.o
                0x00000000080019fc                TIM1_BRK_UP_TRG_COM_IRQHandler
                0x00000000080019fc                TSC_IRQHandler
                0x00000000080019fc                HardFault_Handler
                0x00000000080019fc                ADC1_COMP_IRQHandler
                0x00000000080019fc                PVD_IRQHandler
                0x00000000080019fc                PendSV_Handler
                0x00000000080019fc                NMI_Handler
                0x00000000080019fc                I2C1_IRQHandler
                0x00000000080019fc                RCC_CRS_IRQHandler
                0x00000000080019fc                SPI1_IRQHandler
                0x00000000080019fc                TIM6_DAC_IRQHandler
                0x00000000080019fc                EXTI2_3_IRQHandler
                0x00000000080019fc                I2C2_IRQHandler
                0x00000000080019fc                TIM17_IRQHandler
                0x00000000080019fc                CEC_CAN_IRQHandler
                0x00000000080019fc                RTC_IRQHandler
                0x00000000080019fc                TIM16_IRQHandler
                0x00000000080019fc                TIM3_IRQHandler
                0x00000000080019fc                EXTI4_15_IRQHandler
                0x00000000080019fc                DMA1_Channel1_IRQHandler
                0x00000000080019fc                Default_Handler
                0x00000000080019fc                TIM14_IRQHandler
                0x00000000080019fc                DMA1_Channel4_5_IRQHandler
                0x00000000080019fc                TIM15_IRQHandler
                0x00000000080019fc                EXTI0_1_IRQHandler
                0x00000000080019fc                SPI2_IRQHandler
                0x00000000080019fc                SVC_Handler
                0x00000000080019fc                WWDG_IRQHandler
                0x00000000080019fc                DMA1_Channel2_3_IRQHandler
                0x00000000080019fc                USART2_IRQHandler
                0x00000000080019fc                FLASH_IRQHandler
                0x00000000080019fc                USART1_IRQHandler
                0x00000000080019fc                TIM1_CC_IRQHandler
 *fill*         0x00000000080019fe        0x2 
 .text.__libc_init_array
                0x0000000008001a00       0x48 /Users/reudy15/.p2/pool/plugins/fr.ac6.mcu.externaltools.arm-none.macos64_1.15.0.201708311556/tools/compiler/bin/../lib/gcc/arm-none-eabi/6.3.1/../../../../arm-none-eabi/lib/thumb/v6-m/libc.a(lib_a-init.o)
                0x0000000008001a00                __libc_init_array
 .text.startup.register_fini
                0x0000000008001a48       0x18 /Users/reudy15/.p2/pool/plugins/fr.ac6.mcu.externaltools.arm-none.macos64_1.15.0.201708311556/tools/compiler/bin/../lib/gcc/arm-none-eabi/6.3.1/../../../../arm-none-eabi/lib/thumb/v6-m/libc.a(lib_a-__call_atexit.o)
 .text.atexit   0x0000000008001a60       0x10 /Users/reudy15/.p2/pool/plugins/fr.ac6.mcu.externaltools.arm-none.macos64_1.15.0.201708311556/tools/compiler/bin/../lib/gcc/arm-none-eabi/6.3.1/../../../../arm-none-eabi/lib/thumb/v6-m/libc.a(lib_a-atexit.o)
                0x0000000008001a60                atexit
 .text.__libc_fini_array
                0x0000000008001a70       0x34 /Users/reudy15/.p2/pool/plugins/fr.ac6.mcu.externaltools.arm-none.macos64_1.15.0.201708311556/tools/compiler/bin/../lib/gcc/arm-none-eabi/6.3.1/../../../../arm-none-eabi/lib/thumb/v6-m/libc.a(lib_a-fini.o)
                0x0000000008001a70                __libc_fini_array
 .text.__retarget_lock_acquire_recursive
                0x0000000008001aa4        0x4 /Users/reudy15/.p2/pool/plugins/fr.ac6.mcu.externaltools.arm-none.macos64_1.15.0.201708311556/tools/compiler/bin/../lib/gcc/arm-none-eabi/6.3.1/../../../../arm-none-eabi/lib/thumb/v6-m/libc.a(lib_a-lock.o)
                0x0000000008001aa4                __retarget_lock_acquire_recursive
 .text.__retarget_lock_release_recursive
                0x0000000008001aa8        0x4 /Users/reudy15/.p2/pool/plugins/fr.ac6.mcu.externaltools.arm-none.macos64_1.15.0.201708311556/tools/compiler/bin/../lib/gcc/arm-none-eabi/6.3.1/../../../../arm-none-eabi/lib/thumb/v6-m/libc.a(lib_a-lock.o)
                0x0000000008001aa8                __retarget_lock_release_recursive
 .text.__register_exitproc
                0x0000000008001aac       0xf4 /Users/reudy15/.p2/pool/plugins/fr.ac6.mcu.externaltools.arm-none.macos64_1.15.0.201708311556/tools/compiler/bin/../lib/gcc/arm-none-eabi/6.3.1/../../../../arm-none-eabi/lib/thumb/v6-m/libc.a(lib_a-__atexit.o)
                0x0000000008001aac                __register_exitproc
 *(.rodata)
 .rodata        0x0000000008001ba0       0x20 HAL_Driver/Src/stm32f0xx_hal_rcc.o
 .rodata        0x0000000008001bc0      0x1e0 src/KS0108.o
 .rodata        0x0000000008001da0      0x44e src/main.o
 *fill*         0x00000000080021ee        0x2 
 .rodata        0x00000000080021f0       0x18 src/system_stm32f0xx.o
                0x00000000080021f0                AHBPrescTable
                0x0000000008002200                APBPrescTable
 *(.rodata*)
 .rodata._global_impure_ptr
                0x0000000008002208        0x4 /Users/reudy15/.p2/pool/plugins/fr.ac6.mcu.externaltools.arm-none.macos64_1.15.0.201708311556/tools/compiler/bin/../lib/gcc/arm-none-eabi/6.3.1/../../../../arm-none-eabi/lib/thumb/v6-m/libc.a(lib_a-impure.o)
                0x0000000008002208                _global_impure_ptr
 *(.glue_7)
 .glue_7        0x000000000800220c        0x0 linker stubs
 *(.glue_7t)
 .glue_7t       0x000000000800220c        0x0 linker stubs
 *(.eh_frame)
 .eh_frame      0x000000000800220c        0x0 /Users/reudy15/.p2/pool/plugins/fr.ac6.mcu.externaltools.arm-none.macos64_1.15.0.201708311556/tools/compiler/bin/../lib/gcc/arm-none-eabi/6.3.1/thumb/v6-m/crtbegin.o
 *(.init)
 .init          0x000000000800220c        0x4 /Users/reudy15/.p2/pool/plugins/fr.ac6.mcu.externaltools.arm-none.macos64_1.15.0.201708311556/tools/compiler/bin/../lib/gcc/arm-none-eabi/6.3.1/thumb/v6-m/crti.o
                0x000000000800220c                _init
 .init          0x0000000008002210        0x8 /Users/reudy15/.p2/pool/plugins/fr.ac6.mcu.externaltools.arm-none.macos64_1.15.0.201708311556/tools/compiler/bin/../lib/gcc/arm-none-eabi/6.3.1/thumb/v6-m/crtn.o
 *(.fini)
 .fini          0x0000000008002218        0x4 /Users/reudy15/.p2/pool/plugins/fr.ac6.mcu.externaltools.arm-none.macos64_1.15.0.201708311556/tools/compiler/bin/../lib/gcc/arm-none-eabi/6.3.1/thumb/v6-m/crti.o
                0x0000000008002218                _fini
 .fini          0x000000000800221c        0x8 /Users/reudy15/.p2/pool/plugins/fr.ac6.mcu.externaltools.arm-none.macos64_1.15.0.201708311556/tools/compiler/bin/../lib/gcc/arm-none-eabi/6.3.1/thumb/v6-m/crtn.o
                0x0000000008002224                . = ALIGN (0x4)
                0x0000000008002224                _etext = .

.vfp11_veneer   0x0000000008002224        0x0
 .vfp11_veneer  0x0000000008002224        0x0 linker stubs

.v4_bx          0x0000000008002224        0x0
 .v4_bx         0x0000000008002224        0x0 linker stubs

.iplt           0x0000000008002224        0x0
 .iplt          0x0000000008002224        0x0 /Users/reudy15/.p2/pool/plugins/fr.ac6.mcu.externaltools.arm-none.macos64_1.15.0.201708311556/tools/compiler/bin/../lib/gcc/arm-none-eabi/6.3.1/thumb/v6-m/crtbegin.o

.rel.dyn        0x0000000008002224        0x0
 .rel.iplt      0x0000000008002224        0x0 /Users/reudy15/.p2/pool/plugins/fr.ac6.mcu.externaltools.arm-none.macos64_1.15.0.201708311556/tools/compiler/bin/../lib/gcc/arm-none-eabi/6.3.1/thumb/v6-m/crtbegin.o

.ARM.extab
 *(.ARM.extab* .gnu.linkonce.armextab.*)

.ARM            0x0000000008002224        0x0
                0x0000000008002224                __exidx_start = .
 *(.ARM.exidx*)
                0x0000000008002224                __exidx_end = .

.preinit_array  0x0000000008002224        0x0
                0x0000000008002224                PROVIDE (__preinit_array_start, .)
 *(.preinit_array*)
                0x0000000008002224                PROVIDE (__preinit_array_end, .)

.init_array     0x0000000008002224        0x8
                0x0000000008002224                PROVIDE (__init_array_start, .)
 *(SORT(.init_array.*))
 .init_array.00000
                0x0000000008002224        0x4 /Users/reudy15/.p2/pool/plugins/fr.ac6.mcu.externaltools.arm-none.macos64_1.15.0.201708311556/tools/compiler/bin/../lib/gcc/arm-none-eabi/6.3.1/../../../../arm-none-eabi/lib/thumb/v6-m/libc.a(lib_a-__call_atexit.o)
 *(.init_array*)
 .init_array    0x0000000008002228        0x4 /Users/reudy15/.p2/pool/plugins/fr.ac6.mcu.externaltools.arm-none.macos64_1.15.0.201708311556/tools/compiler/bin/../lib/gcc/arm-none-eabi/6.3.1/thumb/v6-m/crtbegin.o
                0x000000000800222c                PROVIDE (__init_array_end, .)

.fini_array     0x000000000800222c        0x4
                0x000000000800222c                PROVIDE (__fini_array_start, .)
 *(SORT(.fini_array.*))
 *(.fini_array*)
 .fini_array    0x000000000800222c        0x4 /Users/reudy15/.p2/pool/plugins/fr.ac6.mcu.externaltools.arm-none.macos64_1.15.0.201708311556/tools/compiler/bin/../lib/gcc/arm-none-eabi/6.3.1/thumb/v6-m/crtbegin.o
                0x0000000008002230                PROVIDE (__fini_array_end, .)
                0x0000000008002230                _sidata = LOADADDR (.data)

.data           0x0000000020000000      0x434 load address 0x0000000008002230
                0x0000000020000000                . = ALIGN (0x4)
                0x0000000020000000                _sdata = .
 *(.data)
 .data          0x0000000020000000        0x4 src/main.o
                0x0000000020000000                start
 .data          0x0000000020000004        0x4 src/system_stm32f0xx.o
                0x0000000020000004                SystemCoreClock
 *(.data*)
 .data.impure_data
                0x0000000020000008      0x428 /Users/reudy15/.p2/pool/plugins/fr.ac6.mcu.externaltools.arm-none.macos64_1.15.0.201708311556/tools/compiler/bin/../lib/gcc/arm-none-eabi/6.3.1/../../../../arm-none-eabi/lib/thumb/v6-m/libc.a(lib_a-impure.o)
 .data.__atexit_recursive_mutex
                0x0000000020000430        0x4 /Users/reudy15/.p2/pool/plugins/fr.ac6.mcu.externaltools.arm-none.macos64_1.15.0.201708311556/tools/compiler/bin/../lib/gcc/arm-none-eabi/6.3.1/../../../../arm-none-eabi/lib/thumb/v6-m/libc.a(lib_a-__call_atexit.o)
                0x0000000020000430                __atexit_recursive_mutex
                0x0000000020000434                . = ALIGN (0x4)
                0x0000000020000434                _edata = .

.jcr            0x0000000020000434        0x0 load address 0x0000000008002664
 .jcr           0x0000000020000434        0x0 /Users/reudy15/.p2/pool/plugins/fr.ac6.mcu.externaltools.arm-none.macos64_1.15.0.201708311556/tools/compiler/bin/../lib/gcc/arm-none-eabi/6.3.1/thumb/v6-m/crtbegin.o

.igot.plt       0x0000000020000434        0x0 load address 0x0000000008002664
 .igot.plt      0x0000000020000434        0x0 /Users/reudy15/.p2/pool/plugins/fr.ac6.mcu.externaltools.arm-none.macos64_1.15.0.201708311556/tools/compiler/bin/../lib/gcc/arm-none-eabi/6.3.1/thumb/v6-m/crtbegin.o
                0x0000000020000434                . = ALIGN (0x4)

.bss            0x0000000020000434       0x60 load address 0x0000000008002664
                0x0000000020000434                _sbss = .
                0x0000000020000434                __bss_start__ = _sbss
 *(.bss)
 .bss           0x0000000020000434       0x1c /Users/reudy15/.p2/pool/plugins/fr.ac6.mcu.externaltools.arm-none.macos64_1.15.0.201708311556/tools/compiler/bin/../lib/gcc/arm-none-eabi/6.3.1/thumb/v6-m/crtbegin.o
 .bss           0x0000000020000450        0x2 src/KS0108.o
                0x0000000020000450                screen_x
                0x0000000020000451                screen_y
 *fill*         0x0000000020000452        0x2 
 .bss           0x0000000020000454        0x4 src/main.o
                0x0000000020000454                lastState
 *(.bss*)
 *(COMMON)
 COMMON         0x0000000020000458        0x4 HAL_Driver/Src/stm32f0xx_hal.o
                0x0000000020000458                uwTick
 COMMON         0x000000002000045c       0x14 src/KS0108-STM32.o
                0x000000002000045c                GPIO_InitStructure
 COMMON         0x0000000020000470       0x21 /Users/reudy15/.p2/pool/plugins/fr.ac6.mcu.externaltools.arm-none.macos64_1.15.0.201708311556/tools/compiler/bin/../lib/gcc/arm-none-eabi/6.3.1/../../../../arm-none-eabi/lib/thumb/v6-m/libc.a(lib_a-lock.o)
                0x0000000020000470                __lock___atexit_recursive_mutex
                0x0000000020000474                __lock___arc4random_mutex
                0x0000000020000478                __lock___env_recursive_mutex
                0x000000002000047c                __lock___sinit_recursive_mutex
                0x0000000020000480                __lock___malloc_recursive_mutex
                0x0000000020000484                __lock___at_quick_exit_mutex
                0x0000000020000488                __lock___dd_hash_mutex
                0x000000002000048c                __lock___tz_mutex
                0x0000000020000490                __lock___sfp_recursive_mutex
                0x0000000020000494                . = ALIGN (0x4)
 *fill*         0x0000000020000491        0x3 
                0x0000000020000494                _ebss = .
                0x0000000020000494                __bss_end__ = _ebss

._user_heap_stack
                0x0000000020000494       0x84 load address 0x0000000008002664
                0x0000000020000498                . = ALIGN (0x8)
 *fill*         0x0000000020000494        0x4 
                0x0000000020000498                PROVIDE (end, .)
                [!provide]                        PROVIDE (_end, .)
                0x0000000020000498                . = (. + _Min_Heap_Size)
                0x0000000020000518                . = (. + _Min_Stack_Size)
 *fill*         0x0000000020000498       0x80 
                0x0000000020000518                . = ALIGN (0x8)

.ARM.attributes
                0x0000000000000000       0x28
 *(.ARM.attributes)
 .ARM.attributes
                0x0000000000000000       0x1e /Users/reudy15/.p2/pool/plugins/fr.ac6.mcu.externaltools.arm-none.macos64_1.15.0.201708311556/tools/compiler/bin/../lib/gcc/arm-none-eabi/6.3.1/thumb/v6-m/crti.o
 .ARM.attributes
                0x000000000000001e       0x2c /Users/reudy15/.p2/pool/plugins/fr.ac6.mcu.externaltools.arm-none.macos64_1.15.0.201708311556/tools/compiler/bin/../lib/gcc/arm-none-eabi/6.3.1/thumb/v6-m/crtbegin.o
 .ARM.attributes
                0x000000000000004a       0x31 HAL_Driver/Src/stm32f0xx_hal.o
 .ARM.attributes
                0x000000000000007b       0x31 HAL_Driver/Src/stm32f0xx_hal_cortex.o
 .ARM.attributes
                0x00000000000000ac       0x31 HAL_Driver/Src/stm32f0xx_hal_gpio.o
 .ARM.attributes
                0x00000000000000dd       0x31 HAL_Driver/Src/stm32f0xx_hal_rcc.o
 .ARM.attributes
                0x000000000000010e       0x31 src/KS0108-STM32.o
 .ARM.attributes
                0x000000000000013f       0x31 src/KS0108.o
 .ARM.attributes
                0x0000000000000170       0x31 src/main.o
 .ARM.attributes
                0x00000000000001a1       0x31 src/stm32f0xx_it.o
 .ARM.attributes
                0x00000000000001d2       0x31 src/system_stm32f0xx.o
 .ARM.attributes
                0x0000000000000203       0x21 startup/startup_stm32f051x8.o
 .ARM.attributes
                0x0000000000000224       0x1e /Users/reudy15/.p2/pool/plugins/fr.ac6.mcu.externaltools.arm-none.macos64_1.15.0.201708311556/tools/compiler/bin/../lib/gcc/arm-none-eabi/6.3.1/thumb/v6-m/libgcc.a(_udivsi3.o)
 .ARM.attributes
                0x0000000000000242       0x1e /Users/reudy15/.p2/pool/plugins/fr.ac6.mcu.externaltools.arm-none.macos64_1.15.0.201708311556/tools/compiler/bin/../lib/gcc/arm-none-eabi/6.3.1/thumb/v6-m/libgcc.a(_dvmd_tls.o)
 .ARM.attributes
                0x0000000000000260       0x2c /Users/reudy15/.p2/pool/plugins/fr.ac6.mcu.externaltools.arm-none.macos64_1.15.0.201708311556/tools/compiler/bin/../lib/gcc/arm-none-eabi/6.3.1/../../../../arm-none-eabi/lib/thumb/v6-m/libc.a(lib_a-impure.o)
 .ARM.attributes
                0x000000000000028c       0x2c /Users/reudy15/.p2/pool/plugins/fr.ac6.mcu.externaltools.arm-none.macos64_1.15.0.201708311556/tools/compiler/bin/../lib/gcc/arm-none-eabi/6.3.1/../../../../arm-none-eabi/lib/thumb/v6-m/libc.a(lib_a-init.o)
 .ARM.attributes
                0x00000000000002b8       0x2c /Users/reudy15/.p2/pool/plugins/fr.ac6.mcu.externaltools.arm-none.macos64_1.15.0.201708311556/tools/compiler/bin/../lib/gcc/arm-none-eabi/6.3.1/../../../../arm-none-eabi/lib/thumb/v6-m/libc.a(lib_a-__call_atexit.o)
 .ARM.attributes
                0x00000000000002e4       0x2c /Users/reudy15/.p2/pool/plugins/fr.ac6.mcu.externaltools.arm-none.macos64_1.15.0.201708311556/tools/compiler/bin/../lib/gcc/arm-none-eabi/6.3.1/../../../../arm-none-eabi/lib/thumb/v6-m/libc.a(lib_a-atexit.o)
 .ARM.attributes
                0x0000000000000310       0x2c /Users/reudy15/.p2/pool/plugins/fr.ac6.mcu.externaltools.arm-none.macos64_1.15.0.201708311556/tools/compiler/bin/../lib/gcc/arm-none-eabi/6.3.1/../../../../arm-none-eabi/lib/thumb/v6-m/libc.a(lib_a-fini.o)
 .ARM.attributes
                0x000000000000033c       0x2c /Users/reudy15/.p2/pool/plugins/fr.ac6.mcu.externaltools.arm-none.macos64_1.15.0.201708311556/tools/compiler/bin/../lib/gcc/arm-none-eabi/6.3.1/../../../../arm-none-eabi/lib/thumb/v6-m/libc.a(lib_a-lock.o)
 .ARM.attributes
                0x0000000000000368       0x2c /Users/reudy15/.p2/pool/plugins/fr.ac6.mcu.externaltools.arm-none.macos64_1.15.0.201708311556/tools/compiler/bin/../lib/gcc/arm-none-eabi/6.3.1/../../../../arm-none-eabi/lib/thumb/v6-m/libc.a(lib_a-__atexit.o)
 .ARM.attributes
                0x0000000000000394       0x1e /Users/reudy15/.p2/pool/plugins/fr.ac6.mcu.externaltools.arm-none.macos64_1.15.0.201708311556/tools/compiler/bin/../lib/gcc/arm-none-eabi/6.3.1/thumb/v6-m/crtn.o
OUTPUT(STM32F0_KS0108_reudy.elf elf32-littlearm)

.debug_info     0x0000000000000000     0x6eb0
 .debug_info    0x0000000000000000      0xdf0 HAL_Driver/Src/stm32f0xx_hal.o
 .debug_info    0x0000000000000df0      0xf3d HAL_Driver/Src/stm32f0xx_hal_cortex.o
 .debug_info    0x0000000000001d2d      0xe66 HAL_Driver/Src/stm32f0xx_hal_gpio.o
 .debug_info    0x0000000000002b93      0xfb0 HAL_Driver/Src/stm32f0xx_hal_rcc.o
 .debug_info    0x0000000000003b43      0xcfc src/KS0108-STM32.o
 .debug_info    0x000000000000483f      0x253 src/KS0108.o
 .debug_info    0x0000000000004a92      0xff2 src/main.o
 .debug_info    0x0000000000005a84      0x92d src/stm32f0xx_it.o
 .debug_info    0x00000000000063b1      0xa77 src/system_stm32f0xx.o
 .debug_info    0x0000000000006e28       0x88 startup/startup_stm32f051x8.o

.debug_abbrev   0x0000000000000000     0x14e3
 .debug_abbrev  0x0000000000000000      0x2a1 HAL_Driver/Src/stm32f0xx_hal.o
 .debug_abbrev  0x00000000000002a1      0x33b HAL_Driver/Src/stm32f0xx_hal_cortex.o
 .debug_abbrev  0x00000000000005dc      0x287 HAL_Driver/Src/stm32f0xx_hal_gpio.o
 .debug_abbrev  0x0000000000000863      0x2bc HAL_Driver/Src/stm32f0xx_hal_rcc.o
 .debug_abbrev  0x0000000000000b1f      0x2b6 src/KS0108-STM32.o
 .debug_abbrev  0x0000000000000dd5       0xc3 src/KS0108.o
 .debug_abbrev  0x0000000000000e98      0x28a src/main.o
 .debug_abbrev  0x0000000000001122      0x1aa src/stm32f0xx_it.o
 .debug_abbrev  0x00000000000012cc      0x205 src/system_stm32f0xx.o
 .debug_abbrev  0x00000000000014d1       0x12 startup/startup_stm32f051x8.o

.debug_aranges  0x0000000000000000      0x3a8
 .debug_aranges
                0x0000000000000000       0xb8 HAL_Driver/Src/stm32f0xx_hal.o
 .debug_aranges
                0x00000000000000b8       0xc0 HAL_Driver/Src/stm32f0xx_hal_cortex.o
 .debug_aranges
                0x0000000000000178       0x58 HAL_Driver/Src/stm32f0xx_hal_gpio.o
 .debug_aranges
                0x00000000000001d0       0x80 HAL_Driver/Src/stm32f0xx_hal_rcc.o
 .debug_aranges
                0x0000000000000250       0x60 src/KS0108-STM32.o
 .debug_aranges
                0x00000000000002b0       0x58 src/KS0108.o
 .debug_aranges
                0x0000000000000308       0x30 src/main.o
 .debug_aranges
                0x0000000000000338       0x20 src/stm32f0xx_it.o
 .debug_aranges
                0x0000000000000358       0x28 src/system_stm32f0xx.o
 .debug_aranges
                0x0000000000000380       0x28 startup/startup_stm32f051x8.o

.debug_ranges   0x0000000000000000      0x310
 .debug_ranges  0x0000000000000000       0xa8 HAL_Driver/Src/stm32f0xx_hal.o
 .debug_ranges  0x00000000000000a8       0xb0 HAL_Driver/Src/stm32f0xx_hal_cortex.o
 .debug_ranges  0x0000000000000158       0x48 HAL_Driver/Src/stm32f0xx_hal_gpio.o
 .debug_ranges  0x00000000000001a0       0x70 HAL_Driver/Src/stm32f0xx_hal_rcc.o
 .debug_ranges  0x0000000000000210       0x50 src/KS0108-STM32.o
 .debug_ranges  0x0000000000000260       0x48 src/KS0108.o
 .debug_ranges  0x00000000000002a8       0x20 src/main.o
 .debug_ranges  0x00000000000002c8       0x10 src/stm32f0xx_it.o
 .debug_ranges  0x00000000000002d8       0x18 src/system_stm32f0xx.o
 .debug_ranges  0x00000000000002f0       0x20 startup/startup_stm32f051x8.o

.debug_macro    0x0000000000000000    0x11ba7
 .debug_macro   0x0000000000000000      0x425 HAL_Driver/Src/stm32f0xx_hal.o
 .debug_macro   0x0000000000000425      0x8bc HAL_Driver/Src/stm32f0xx_hal.o
 .debug_macro   0x0000000000000ce1      0x117 HAL_Driver/Src/stm32f0xx_hal.o
 .debug_macro   0x0000000000000df8       0x28 HAL_Driver/Src/stm32f0xx_hal.o
 .debug_macro   0x0000000000000e20       0x22 HAL_Driver/Src/stm32f0xx_hal.o
 .debug_macro   0x0000000000000e42       0x22 HAL_Driver/Src/stm32f0xx_hal.o
 .debug_macro   0x0000000000000e64       0x87 HAL_Driver/Src/stm32f0xx_hal.o
 .debug_macro   0x0000000000000eeb       0x51 HAL_Driver/Src/stm32f0xx_hal.o
 .debug_macro   0x0000000000000f3c       0xef HAL_Driver/Src/stm32f0xx_hal.o
 .debug_macro   0x000000000000102b       0x6a HAL_Driver/Src/stm32f0xx_hal.o
 .debug_macro   0x0000000000001095      0x1df HAL_Driver/Src/stm32f0xx_hal.o
 .debug_macro   0x0000000000001274       0x34 HAL_Driver/Src/stm32f0xx_hal.o
 .debug_macro   0x00000000000012a8       0x26 HAL_Driver/Src/stm32f0xx_hal.o
 .debug_macro   0x00000000000012ce      0x30d HAL_Driver/Src/stm32f0xx_hal.o
 .debug_macro   0x00000000000015db     0x8d15 HAL_Driver/Src/stm32f0xx_hal.o
 .debug_macro   0x000000000000a2f0       0x3c HAL_Driver/Src/stm32f0xx_hal.o
 .debug_macro   0x000000000000a32c       0x58 HAL_Driver/Src/stm32f0xx_hal.o
 .debug_macro   0x000000000000a384       0x35 HAL_Driver/Src/stm32f0xx_hal.o
 .debug_macro   0x000000000000a3b9       0x9c HAL_Driver/Src/stm32f0xx_hal.o
 .debug_macro   0x000000000000a455       0x16 HAL_Driver/Src/stm32f0xx_hal.o
 .debug_macro   0x000000000000a46b       0x97 HAL_Driver/Src/stm32f0xx_hal.o
 .debug_macro   0x000000000000a502      0x330 HAL_Driver/Src/stm32f0xx_hal.o
 .debug_macro   0x000000000000a832       0xfd HAL_Driver/Src/stm32f0xx_hal.o
 .debug_macro   0x000000000000a92f       0x10 HAL_Driver/Src/stm32f0xx_hal.o
 .debug_macro   0x000000000000a93f       0x58 HAL_Driver/Src/stm32f0xx_hal.o
 .debug_macro   0x000000000000a997       0x1f HAL_Driver/Src/stm32f0xx_hal.o
 .debug_macro   0x000000000000a9b6       0x43 HAL_Driver/Src/stm32f0xx_hal.o
 .debug_macro   0x000000000000a9f9       0x20 HAL_Driver/Src/stm32f0xx_hal.o
 .debug_macro   0x000000000000aa19      0x187 HAL_Driver/Src/stm32f0xx_hal.o
 .debug_macro   0x000000000000aba0       0x10 HAL_Driver/Src/stm32f0xx_hal.o
 .debug_macro   0x000000000000abb0       0x1c HAL_Driver/Src/stm32f0xx_hal.o
 .debug_macro   0x000000000000abcc       0x52 HAL_Driver/Src/stm32f0xx_hal.o
 .debug_macro   0x000000000000ac1e       0x40 HAL_Driver/Src/stm32f0xx_hal.o
 .debug_macro   0x000000000000ac5e       0x10 HAL_Driver/Src/stm32f0xx_hal.o
 .debug_macro   0x000000000000ac6e       0x40 HAL_Driver/Src/stm32f0xx_hal.o
 .debug_macro   0x000000000000acae       0xd7 HAL_Driver/Src/stm32f0xx_hal.o
 .debug_macro   0x000000000000ad85       0x16 HAL_Driver/Src/stm32f0xx_hal.o
 .debug_macro   0x000000000000ad9b      0x18b HAL_Driver/Src/stm32f0xx_hal.o
 .debug_macro   0x000000000000af26       0x50 HAL_Driver/Src/stm32f0xx_hal.o
 .debug_macro   0x000000000000af76      0x92f HAL_Driver/Src/stm32f0xx_hal.o
 .debug_macro   0x000000000000b8a5      0x252 HAL_Driver/Src/stm32f0xx_hal.o
 .debug_macro   0x000000000000baf7      0x13a HAL_Driver/Src/stm32f0xx_hal.o
 .debug_macro   0x000000000000bc31      0x114 HAL_Driver/Src/stm32f0xx_hal.o
 .debug_macro   0x000000000000bd45      0x1ed HAL_Driver/Src/stm32f0xx_hal.o
 .debug_macro   0x000000000000bf32       0x34 HAL_Driver/Src/stm32f0xx_hal.o
 .debug_macro   0x000000000000bf66       0x43 HAL_Driver/Src/stm32f0xx_hal.o
 .debug_macro   0x000000000000bfa9       0x28 HAL_Driver/Src/stm32f0xx_hal.o
 .debug_macro   0x000000000000bfd1      0x33d HAL_Driver/Src/stm32f0xx_hal.o
 .debug_macro   0x000000000000c30e       0xd4 HAL_Driver/Src/stm32f0xx_hal.o
 .debug_macro   0x000000000000c3e2      0x2e2 HAL_Driver/Src/stm32f0xx_hal.o
 .debug_macro   0x000000000000c6c4      0x27b HAL_Driver/Src/stm32f0xx_hal.o
 .debug_macro   0x000000000000c93f       0x81 HAL_Driver/Src/stm32f0xx_hal.o
 .debug_macro   0x000000000000c9c0       0x5a HAL_Driver/Src/stm32f0xx_hal.o
 .debug_macro   0x000000000000ca1a       0x12 HAL_Driver/Src/stm32f0xx_hal.o
 .debug_macro   0x000000000000ca2c       0xca HAL_Driver/Src/stm32f0xx_hal.o
 .debug_macro   0x000000000000caf6       0xd9 HAL_Driver/Src/stm32f0xx_hal.o
 .debug_macro   0x000000000000cbcf       0xb6 HAL_Driver/Src/stm32f0xx_hal.o
 .debug_macro   0x000000000000cc85      0x199 HAL_Driver/Src/stm32f0xx_hal.o
 .debug_macro   0x000000000000ce1e      0x202 HAL_Driver/Src/stm32f0xx_hal.o
 .debug_macro   0x000000000000d020       0x61 HAL_Driver/Src/stm32f0xx_hal.o
 .debug_macro   0x000000000000d081       0x90 HAL_Driver/Src/stm32f0xx_hal.o
 .debug_macro   0x000000000000d111      0x1a0 HAL_Driver/Src/stm32f0xx_hal.o
 .debug_macro   0x000000000000d2b1      0x264 HAL_Driver/Src/stm32f0xx_hal.o
 .debug_macro   0x000000000000d515       0x2a HAL_Driver/Src/stm32f0xx_hal.o
 .debug_macro   0x000000000000d53f       0x87 HAL_Driver/Src/stm32f0xx_hal.o
 .debug_macro   0x000000000000d5c6       0x4d HAL_Driver/Src/stm32f0xx_hal.o
 .debug_macro   0x000000000000d613      0x114 HAL_Driver/Src/stm32f0xx_hal.o
 .debug_macro   0x000000000000d727      0x2e2 HAL_Driver/Src/stm32f0xx_hal.o
 .debug_macro   0x000000000000da09      0x2cb HAL_Driver/Src/stm32f0xx_hal.o
 .debug_macro   0x000000000000dcd4       0xdd HAL_Driver/Src/stm32f0xx_hal.o
 .debug_macro   0x000000000000ddb1      0x391 HAL_Driver/Src/stm32f0xx_hal.o
 .debug_macro   0x000000000000e142       0x10 HAL_Driver/Src/stm32f0xx_hal.o
 .debug_macro   0x000000000000e152      0x356 HAL_Driver/Src/stm32f0xx_hal.o
 .debug_macro   0x000000000000e4a8      0x2f0 HAL_Driver/Src/stm32f0xx_hal.o
 .debug_macro   0x000000000000e798      0x845 HAL_Driver/Src/stm32f0xx_hal.o
 .debug_macro   0x000000000000efdd       0x4c HAL_Driver/Src/stm32f0xx_hal.o
 .debug_macro   0x000000000000f029      0x46a HAL_Driver/Src/stm32f0xx_hal.o
 .debug_macro   0x000000000000f493      0x38a HAL_Driver/Src/stm32f0xx_hal.o
 .debug_macro   0x000000000000f81d      0x1f7 HAL_Driver/Src/stm32f0xx_hal.o
 .debug_macro   0x000000000000fa14      0x1df HAL_Driver/Src/stm32f0xx_hal.o
 .debug_macro   0x000000000000fbf3       0x93 HAL_Driver/Src/stm32f0xx_hal.o
 .debug_macro   0x000000000000fc86       0x89 HAL_Driver/Src/stm32f0xx_hal.o
 .debug_macro   0x000000000000fd0f      0x10d HAL_Driver/Src/stm32f0xx_hal.o
 .debug_macro   0x000000000000fe1c      0x401 HAL_Driver/Src/stm32f0xx_hal_cortex.o
 .debug_macro   0x000000000001021d      0x439 HAL_Driver/Src/stm32f0xx_hal_gpio.o
 .debug_macro   0x0000000000010656      0x413 HAL_Driver/Src/stm32f0xx_hal_rcc.o
 .debug_macro   0x0000000000010a69      0x437 src/KS0108-STM32.o
 .debug_macro   0x0000000000010ea0       0x24 src/KS0108.o
 .debug_macro   0x0000000000010ec4       0x3a src/KS0108.o
 .debug_macro   0x0000000000010efe      0x413 src/main.o
 .debug_macro   0x0000000000011311       0x8a src/main.o
 .debug_macro   0x000000000001139b      0x40b src/stm32f0xx_it.o
 .debug_macro   0x00000000000117a6      0x401 src/system_stm32f0xx.o

.debug_line     0x0000000000000000     0x58e1
 .debug_line    0x0000000000000000      0xb17 HAL_Driver/Src/stm32f0xx_hal.o
 .debug_line    0x0000000000000b17      0xb69 HAL_Driver/Src/stm32f0xx_hal_cortex.o
 .debug_line    0x0000000000001680      0xb1d HAL_Driver/Src/stm32f0xx_hal_gpio.o
 .debug_line    0x000000000000219d      0xbf8 HAL_Driver/Src/stm32f0xx_hal_rcc.o
 .debug_line    0x0000000000002d95      0xa8f src/KS0108-STM32.o
 .debug_line    0x0000000000003824      0x1a5 src/KS0108.o
 .debug_line    0x00000000000039c9      0xacb src/main.o
 .debug_line    0x0000000000004494      0x9f3 src/stm32f0xx_it.o
 .debug_line    0x0000000000004e87      0x9d7 src/system_stm32f0xx.o
 .debug_line    0x000000000000585e       0x83 startup/startup_stm32f051x8.o

.debug_str      0x0000000000000000    0x6c066
 .debug_str     0x0000000000000000    0x6afee HAL_Driver/Src/stm32f0xx_hal.o
                                      0x6b2e6 (size before relaxing)
 .debug_str     0x000000000006afee      0x20e HAL_Driver/Src/stm32f0xx_hal_cortex.o
                                      0x6b1d0 (size before relaxing)
 .debug_str     0x000000000006b1fc      0x287 HAL_Driver/Src/stm32f0xx_hal_gpio.o
                                      0x6b090 (size before relaxing)
 .debug_str     0x000000000006b483      0x333 HAL_Driver/Src/stm32f0xx_hal_rcc.o
                                      0x6b1cd (size before relaxing)
 .debug_str     0x000000000006b7b6      0x203 src/KS0108-STM32.o
                                      0x6b049 (size before relaxing)
 .debug_str     0x000000000006b9b9      0x14a src/KS0108.o
                                       0x2679 (size before relaxing)
 .debug_str     0x000000000006bb03      0x4d1 src/main.o
                                      0x6b6b8 (size before relaxing)
 .debug_str     0x000000000006bfd4       0x38 src/stm32f0xx_it.o
                                      0x6ad86 (size before relaxing)
 .debug_str     0x000000000006c00c       0x5a src/system_stm32f0xx.o
                                      0x6adfb (size before relaxing)

.comment        0x0000000000000000       0x7f
 .comment       0x0000000000000000       0x7f HAL_Driver/Src/stm32f0xx_hal.o
                                         0x80 (size before relaxing)
 .comment       0x000000000000007f       0x80 HAL_Driver/Src/stm32f0xx_hal_cortex.o
 .comment       0x000000000000007f       0x80 HAL_Driver/Src/stm32f0xx_hal_gpio.o
 .comment       0x000000000000007f       0x80 HAL_Driver/Src/stm32f0xx_hal_rcc.o
 .comment       0x000000000000007f       0x80 src/KS0108-STM32.o
 .comment       0x000000000000007f       0x80 src/KS0108.o
 .comment       0x000000000000007f       0x80 src/main.o
 .comment       0x000000000000007f       0x80 src/stm32f0xx_it.o
 .comment       0x000000000000007f       0x80 src/system_stm32f0xx.o

.debug_frame    0x0000000000000000      0xc90
 .debug_frame   0x0000000000000000      0x248 HAL_Driver/Src/stm32f0xx_hal.o
 .debug_frame   0x0000000000000248      0x2a4 HAL_Driver/Src/stm32f0xx_hal_cortex.o
 .debug_frame   0x00000000000004ec      0x110 HAL_Driver/Src/stm32f0xx_hal_gpio.o
 .debug_frame   0x00000000000005fc      0x194 HAL_Driver/Src/stm32f0xx_hal_rcc.o
 .debug_frame   0x0000000000000790      0x12c src/KS0108-STM32.o
 .debug_frame   0x00000000000008bc      0x110 src/KS0108.o
 .debug_frame   0x00000000000009cc       0x6c src/main.o
 .debug_frame   0x0000000000000a38       0x2c src/stm32f0xx_it.o
 .debug_frame   0x0000000000000a64       0x4c src/system_stm32f0xx.o
 .debug_frame   0x0000000000000ab0       0x20 /Users/reudy15/.p2/pool/plugins/fr.ac6.mcu.externaltools.arm-none.macos64_1.15.0.201708311556/tools/compiler/bin/../lib/gcc/arm-none-eabi/6.3.1/thumb/v6-m/libgcc.a(_udivsi3.o)
 .debug_frame   0x0000000000000ad0       0x2c /Users/reudy15/.p2/pool/plugins/fr.ac6.mcu.externaltools.arm-none.macos64_1.15.0.201708311556/tools/compiler/bin/../lib/gcc/arm-none-eabi/6.3.1/../../../../arm-none-eabi/lib/thumb/v6-m/libc.a(lib_a-init.o)
 .debug_frame   0x0000000000000afc       0x54 /Users/reudy15/.p2/pool/plugins/fr.ac6.mcu.externaltools.arm-none.macos64_1.15.0.201708311556/tools/compiler/bin/../lib/gcc/arm-none-eabi/6.3.1/../../../../arm-none-eabi/lib/thumb/v6-m/libc.a(lib_a-__call_atexit.o)
 .debug_frame   0x0000000000000b50       0x28 /Users/reudy15/.p2/pool/plugins/fr.ac6.mcu.externaltools.arm-none.macos64_1.15.0.201708311556/tools/compiler/bin/../lib/gcc/arm-none-eabi/6.3.1/../../../../arm-none-eabi/lib/thumb/v6-m/libc.a(lib_a-atexit.o)
 .debug_frame   0x0000000000000b78       0x2c /Users/reudy15/.p2/pool/plugins/fr.ac6.mcu.externaltools.arm-none.macos64_1.15.0.201708311556/tools/compiler/bin/../lib/gcc/arm-none-eabi/6.3.1/../../../../arm-none-eabi/lib/thumb/v6-m/libc.a(lib_a-fini.o)
 .debug_frame   0x0000000000000ba4       0xb0 /Users/reudy15/.p2/pool/plugins/fr.ac6.mcu.externaltools.arm-none.macos64_1.15.0.201708311556/tools/compiler/bin/../lib/gcc/arm-none-eabi/6.3.1/../../../../arm-none-eabi/lib/thumb/v6-m/libc.a(lib_a-lock.o)
 .debug_frame   0x0000000000000c54       0x3c /Users/reudy15/.p2/pool/plugins/fr.ac6.mcu.externaltools.arm-none.macos64_1.15.0.201708311556/tools/compiler/bin/../lib/gcc/arm-none-eabi/6.3.1/../../../../arm-none-eabi/lib/thumb/v6-m/libc.a(lib_a-__atexit.o)
